FX search v1 | cores=8 beam=150 beam_l3=80 max_length=3 null_n=2000 λ=0.02 λ_L3=0.03 min_trades=30
Atoms total=849 searchable=789 · FX span 2000-01-03 00:00:00 → 2026-09-09 00:00:00 · pairs=['EURUSD', 'GBPUSD', 'USDJPY', 'AUDUSD', 'USDCAD', 'USDCHF', 'NZDUSD']
Splits: train=3764d val=1255d
L1 beam search (atoms + negations × long/short)...
  L1: scored=2270 dropped_regime=294 beam_keep=150
  L1 done in 6.1s  top: ~mercury_sign_aquarius [short] fit=+0.4418
L2 beam search (AND pairs × sides)...
  L2: scored=9082 kept=9082 dropped_regime=0 beam_keep=150
  L2 done in 12.9s
L3 beam search (L2 ⊕ L1)...
  L3: scored=17174 kept=17174 dropped_regime=0 beam_keep=80
  L3 done in 19.2s
Unique ranked=380; attaching split-val stability...
  Stable survivors (avg R>0 both val halves): 345
Full-broker holdout+val refresh on 35 targets...
Monte Carlo null n=2000 on 35 targets...
  MC 5/35...
  MC 10/35...
  MC 15/35...
  MC 20/35...
  MC 25/35...
  MC 30/35...
  MC 35/35...
  MC done in 36.5s
Folklore baselines...
Wrote /workspace/astro-market-alpha/results/fx_search_v1.md · /workspace/astro-market-alpha/results/fx_search_v1.csv · runtime 92.1s · survivors=14

Done. ranked=378 stable=345 full_bar_survivors=14 runtime=92.1s
Report: /workspace/astro-market-alpha/results/fx_search_v1.md
Top 5 (best side per rule):
  1. [long] ~asp_jupiter_sun_opp_orb5 & asp_mars_mercury_conj_orb5  valR=+0.672 holdR=+0.218 PF=3.73 n=35 p=0.0009995002498750624
  2. [long] asp_mars_mercury_conj_orb5 & ~asp_mars_neptune_trine_orb3  valR=+0.599 holdR=+0.169 PF=3.23 n=30 p=0.0014992503748125937
  3. [short] asp_mercury_pluto_square_orb3 & mercury_sign_aries  valR=+0.589 holdR=-0.218 PF=4.66 n=25 p=0.0029985007496251873
  4. [short] ~asp_jupiter_mercury_opp_orb5 & asp_jupiter_venus_opp_orb5  valR=+0.591 holdR=+0.085 PF=3.75 n=25 p=0.0004997501249375312
  5. [short] asp_mercury_pluto_square_orb3 & ~mercury_sign_libra  valR=+0.589 holdR=-0.163 PF=4.66 n=25 p=0.0009995002498750624
